[32m2026-06-08 17:24:21 +0800[0m - dagster - [34mDEBUG[0m - __ASSET_JOB - 5482f085-67e5-4a39-bd0f-80054f417dfe - 524521 - LOGS_CAPTURED - Capturing logs for process (pid: 524521).
[32m2026-06-08 17:24:21 +0800[0m - dagster - [34mDEBUG[0m - __ASSET_JOB - 5482f085-67e5-4a39-bd0f-80054f417dfe - 524521 - data_quality_checks - STEP_START - Started execution of step "data_quality_checks".
[32m2026-06-08 17:24:21 +0800[0m - dagster - [34mINFO[0m - __ASSET_JOB - 5482f085-67e5-4a39-bd0f-80054f417dfe - data_quality_checks - Running dbt tests...
[32m2026-06-08 17:24:27 +0800[0m - dagster - [34mINFO[0m - __ASSET_JOB - 5482f085-67e5-4a39-bd0f-80054f417dfe - data_quality_checks - ................ [[32mPASS[0m in 0.07s]
[0m09:24:24  64 of 77 START test source_unique_raw_products_id .............................. [RUN]
[0m09:24:24  64 of 77 PASS source_unique_raw_products_id .................................... [[32mPASS[0m in 0.03s]
[0m09:24:24  65 of 77 START test source_unique_raw_users_id ................................. [RUN]
[0m09:24:24  62 of 77 PASS source_unique_raw_order_items_id ................................. [[32mPASS[0m in 0.13s]
[0m09:24:24  66 of 77 START test unique_dim_customer_customer_id ............................ [RUN]
[0m09:24:24  65 of 77 PASS source_unique_raw_users_id ....................................... [[32mPASS[0m in 0.08s]
[0m09:24:24  67 of 77 START test unique_dim_date_date_id .................................... [RUN]
[0m09:24:24  66 of 77 PASS unique_dim_customer_customer_id .................................. [[32mPASS[0m in 0.08s]
[0m09:24:24  68 of 77 START test unique_dim_date_full_date .................................. [RUN]
[0m09:24:24  67 of 77 PASS unique_dim_date_date_id .......................................... [[32mPASS[0m in 0.02s]
[0m09:24:24  69 of 77 START test unique_dim_order_order_id .................................. [RUN]
[0m09:24:24  68 of 77 PASS unique_dim_date_full_date ........................................ [[32mPASS[0m in 0.03s]
[0m09:24:24  70 of 77 START test unique_dim_product_product_id .............................. [RUN]
[0m09:24:24  70 of 77 PASS unique_dim_product_product_id .................................... [[32mPASS[0m in 0.03s]
[0m09:24:24  71 of 77 START test unique_fact_sales_sale_id .................................. [RUN]
[0m09:24:24  61 of 77 PASS source_unique_raw_inventory_items_id ............................. [[32mPASS[0m in 0.31s]
[0m09:24:24  72 of 77 START test unique_stg_events_event_id ................................. [RUN]
[0m09:24:24  69 of 77 PASS unique_dim_order_order_id ........................................ [[32mPASS[0m in 0.08s]
[0m09:24:24  73 of 77 START test unique_stg_inventory_items_inventory_item_id ............... [RUN]
[0m09:24:24  71 of 77 PASS unique_fact_sales_sale_id ........................................ [[32mPASS[0m in 0.11s]
[0m09:24:24  74 of 77 START test unique_stg_order_items_sale_id ............................. [RUN]
[0m09:24:25  74 of 77 PASS unique_stg_order_items_sale_id ................................... [[32mPASS[0m in 0.13s]
[0m09:24:25  75 of 77 START test unique_stg_orders_order_id ................................. [RUN]
[0m09:24:25  73 of 77 PASS unique_stg_inventory_items_inventory_item_id ..................... [[32mPASS[0m in 0.34s]
[0m09:24:25  76 of 77 START test unique_stg_products_product_id ............................. [RUN]
[0m09:24:25  75 of 77 PASS unique_stg_orders_order_id ....................................... [[32mPASS[0m in 0.15s]
[0m09:24:25  77 of 77 START test unique_stg_users_customer_id ............................... [RUN]
[0m09:24:25  76 of 77 PASS unique_stg_products_product_id ................................... [[32mPASS[0m in 0.06s]
[0m09:24:25  77 of 77 PASS unique_stg_users_customer_id ..................................... [[32mPASS[0m in 0.12s]
[0m09:24:25  60 of 77 PASS source_unique_raw_events_id ...................................... [[32mPASS[0m in 1.54s]
[0m09:24:26  72 of 77 PASS unique_stg_events_event_id ....................................... [[32mPASS[0m in 1.23s]
[0m09:24:26  
[0m09:24:26  Finished running 77 tests in 0 hours 0 minutes and 2.60 seconds (2.60s).
[0m09:24:26  
[0m09:24:26  [33mCompleted with 1 warning:[0m
[0m09:24:26  
[0m09:24:26  [33mWarning in test assert_daily_volume (tests/assert_daily_volume.sql)[0m
[0m09:24:26  Got 7 results, configured to warn if != 0
[0m09:24:26  
[0m09:24:26    compiled Code at target/compiled/thelook/tests/assert_daily_volume.sql
[0m09:24:26  
[0m09:24:26  Done. PASS=76 WARN=1 ERROR=0 SKIP=0 TOTAL=77

[32m2026-06-08 17:24:27 +0800[0m - dagster - [34mINFO[0m - __ASSET_JOB - 5482f085-67e5-4a39-bd0f-80054f417dfe - data_quality_checks - Running Great Expectations suite...
[32m2026-06-08 17:24:30 +0800[0m - dagster - [34mINFO[0m - __ASSET_JOB - 5482f085-67e5-4a39-bd0f-80054f417dfe - data_quality_checks - Running custom SQL assertions...
[32m2026-06-08 17:24:31 +0800[0m - dagster - [34mINFO[0m - __ASSET_JOB - 5482f085-67e5-4a39-bd0f-80054f417dfe - data_quality_checks - All quality checks passed in 10.8s
[32m2026-06-08 17:24:31 +0800[0m - dagster - [34mDEBUG[0m - __ASSET_JOB - 5482f085-67e5-4a39-bd0f-80054f417dfe - 524521 - data_quality_checks - STEP_OUTPUT - Yielded output "result" of type "dict". (Type check passed).
[32m2026-06-08 17:24:31 +0800[0m - dagster - [34mDEBUG[0m - __ASSET_JOB - 5482f085-67e5-4a39-bd0f-80054f417dfe - data_quality_checks - Writing file at: /home/ming/thelook-pipeline/thelook-pipeline/.tmp_dagster_home_onspobqd/storage/data_quality_checks using PickledObjectFilesystemIOManager...
[32m2026-06-08 17:24:32 +0800[0m - dagster - [34mDEBUG[0m - __ASSET_JOB - 5482f085-67e5-4a39-bd0f-80054f417dfe - 524521 - data_quality_checks - ASSET_MATERIALIZATION - Materialized value data_quality_checks.
[32m2026-06-08 17:24:32 +0800[0m - dagster - [34mDEBUG[0m - __ASSET_JOB - 5482f085-67e5-4a39-bd0f-80054f417dfe - 524521 - data_quality_checks - HANDLED_OUTPUT - Handled output "result" using IO manager "io_manager"
[32m2026-06-08 17:24:32 +0800[0m - dagster - [34mDEBUG[0m - __ASSET_JOB - 5482f085-67e5-4a39-bd0f-80054f417dfe - 524521 - data_quality_checks - STEP_SUCCESS - Finished execution of step "data_quality_checks" in 10.2s.
