[32m2026-06-08 17:24:09 +0800[0m - dagster - [34mDEBUG[0m - __ASSET_JOB - 5482f085-67e5-4a39-bd0f-80054f417dfe - 523793 - LOGS_CAPTURED - Capturing logs for process (pid: 523793).
[32m2026-06-08 17:24:09 +0800[0m - dagster - [34mDEBUG[0m - __ASSET_JOB - 5482f085-67e5-4a39-bd0f-80054f417dfe - 523793 - dbt_models - STEP_START - Started execution of step "dbt_models".
[32m2026-06-08 17:24:09 +0800[0m - dagster - [34mINFO[0m - __ASSET_JOB - 5482f085-67e5-4a39-bd0f-80054f417dfe - dbt_models - Installing dbt packages...
[32m2026-06-08 17:24:14 +0800[0m - dagster - [34mINFO[0m - __ASSET_JOB - 5482f085-67e5-4a39-bd0f-80054f417dfe - dbt_models - [0m09:24:11  Running with dbt=1.7.9
[0m09:24:12  Installing dbt-labs/dbt_utils
[0m09:24:12  Installed from version 1.3.3
[0m09:24:12  Up to date!

[32m2026-06-08 17:24:14 +0800[0m - dagster - [34mINFO[0m - __ASSET_JOB - 5482f085-67e5-4a39-bd0f-80054f417dfe - dbt_models - Running dbt models...
[32m2026-06-08 17:24:19 +0800[0m - dagster - [34mINFO[0m - __ASSET_JOB - 5482f085-67e5-4a39-bd0f-80054f417dfe - dbt_models - [0m09:24:15  Running with dbt=1.7.9
[0m09:24:16  Registered adapter: postgres=1.7.9
[0m09:24:16  Found 15 models, 77 tests, 7 sources, 0 exposures, 0 metrics, 517 macros, 0 groups, 0 semantic models
[0m09:24:16  
[0m09:24:16  Concurrency: 4 threads (target='dev')
[0m09:24:16  
[0m09:24:16  1 of 12 START sql table model marts.dim_date ................................... [RUN]
[0m09:24:16  2 of 12 START sql view model marts.stg_events .................................. [RUN]
[0m09:24:16  3 of 12 START sql view model marts.stg_inventory_items ......................... [RUN]
[0m09:24:16  4 of 12 START sql view model marts.stg_order_items ............................. [RUN]
[0m09:24:16  4 of 12 OK created sql view model marts.stg_order_items ........................ [[32mCREATE VIEW[0m in 0.13s]
[0m09:24:16  3 of 12 OK created sql view model marts.stg_inventory_items .................... [[32mCREATE VIEW[0m in 0.14s]
[0m09:24:16  2 of 12 OK created sql view model marts.stg_events ............................. [[32mCREATE VIEW[0m in 0.14s]
[0m09:24:16  5 of 12 START sql table model marts.stg_orders ................................. [RUN]
[0m09:24:16  6 of 12 START sql table model marts.stg_products ............................... [RUN]
[0m09:24:16  7 of 12 START sql table model marts.stg_users .................................. [RUN]
[0m09:24:16  1 of 12 OK created sql table model marts.dim_date .............................. [[32mSELECT 2922[0m in 0.16s]
[0m09:24:16  6 of 12 OK created sql table model marts.stg_products .......................... [[32mSELECT 29120[0m in 0.26s]
[0m09:24:16  8 of 12 START sql table model marts.fact_sales ................................. [RUN]
[0m09:24:16  9 of 12 START sql table model marts.dim_product ................................ [RUN]
[0m09:24:16  5 of 12 OK created sql table model marts.stg_orders ............................ [[32mSELECT 125093[0m in 0.29s]
[0m09:24:16  10 of 12 START sql table model marts.dim_order ................................. [RUN]
[0m09:24:16  7 of 12 OK created sql table model marts.stg_users ............................. [[32mSELECT 100000[0m in 0.37s]
[0m09:24:17  11 of 12 START sql table model marts.dim_customer .............................. [RUN]
[0m09:24:17  9 of 12 OK created sql table model marts.dim_product ........................... [[32mSELECT 29120[0m in 0.32s]
[0m09:24:17  10 of 12 OK created sql table model marts.dim_order ............................ [[32mSELECT 125093[0m in 0.59s]
[0m09:24:17  11 of 12 OK created sql table model marts.dim_customer ......................... [[32mSELECT 100000[0m in 0.70s]
[0m09:24:17  8 of 12 OK created sql table model marts.fact_sales ............................ [[32mSELECT 181153[0m in 0.94s]
[0m09:24:17  12 of 12 START sql table model marts.rpt_monthly_revenue ....................... [RUN]
[0m09:24:18  12 of 12 OK created sql table model marts.rpt_monthly_revenue .................. [[32mSELECT 90[0m in 0.32s]
[0m09:24:18  
[0m09:24:18  Finished running 3 view models, 9 table models in 0 hours 0 minutes and 1.76 seconds (1.76s).
[0m09:24:18  
[0m09:24:18  [32mCompleted successfully[0m
[0m09:24:18  
[0m09:24:18  Done. PASS=12 WARN=0 ERROR=0 SKIP=0 TOTAL=12

[32m2026-06-08 17:24:19 +0800[0m - dagster - [34mINFO[0m - __ASSET_JOB - 5482f085-67e5-4a39-bd0f-80054f417dfe - dbt_models - dbt run complete in 10.4s
[32m2026-06-08 17:24:19 +0800[0m - dagster - [34mDEBUG[0m - __ASSET_JOB - 5482f085-67e5-4a39-bd0f-80054f417dfe - 523793 - dbt_models - STEP_OUTPUT - Yielded output "result" of type "dict". (Type check passed).
[32m2026-06-08 17:24:19 +0800[0m - dagster - [34mDEBUG[0m - __ASSET_JOB - 5482f085-67e5-4a39-bd0f-80054f417dfe - dbt_models - Writing file at: /home/ming/thelook-pipeline/thelook-pipeline/.tmp_dagster_home_onspobqd/storage/dbt_models using PickledObjectFilesystemIOManager...
[32m2026-06-08 17:24:19 +0800[0m - dagster - [34mDEBUG[0m - __ASSET_JOB - 5482f085-67e5-4a39-bd0f-80054f417dfe - 523793 - dbt_models - ASSET_MATERIALIZATION - Materialized value dbt_models.
[32m2026-06-08 17:24:19 +0800[0m - dagster - [34mDEBUG[0m - __ASSET_JOB - 5482f085-67e5-4a39-bd0f-80054f417dfe - 523793 - dbt_models - HANDLED_OUTPUT - Handled output "result" using IO manager "io_manager"
[32m2026-06-08 17:24:19 +0800[0m - dagster - [34mDEBUG[0m - __ASSET_JOB - 5482f085-67e5-4a39-bd0f-80054f417dfe - 523793 - dbt_models - STEP_SUCCESS - Finished execution of step "dbt_models" in 10.52s.
