[32m2026-06-08 17:24:33 +0800[0m - dagster - [34mDEBUG[0m - __ASSET_JOB - 5482f085-67e5-4a39-bd0f-80054f417dfe - 525312 - LOGS_CAPTURED - Capturing logs for process (pid: 525312).
[32m2026-06-08 17:24:33 +0800[0m - dagster - [34mDEBUG[0m - __ASSET_JOB - 5482f085-67e5-4a39-bd0f-80054f417dfe - 525312 - python_analysis - STEP_START - Started execution of step "python_analysis".
[32m2026-06-08 17:24:33 +0800[0m - dagster - [34mINFO[0m - __ASSET_JOB - 5482f085-67e5-4a39-bd0f-80054f417dfe - python_analysis - Running EDA...
[32m2026-06-08 17:24:36 +0800[0m - dagster - [34mINFO[0m - __ASSET_JOB - 5482f085-67e5-4a39-bd0f-80054f417dfe - python_analysis - .94           -5.3%
 2025        Mar        2337      $201,254          $60.20          +18.3%
 2025        Apr        2326      $202,822          $60.49           +0.8%
 2025        May        2440      $216,776          $61.69           +6.9%
 2025        Jun        2547      $217,080          $59.88           +0.1%
 2025        Jul        2647      $224,013          $59.34           +3.2%
 2025        Aug        2820      $232,460          $58.54           +3.8%
 2025        Sep        2864      $242,146          $59.42           +4.2%
 2025        Oct        3110      $265,129          $59.51           +9.5%
 2025        Nov        3221      $269,033          $60.08           +1.5%
 2025        Dec        3591      $301,817          $59.17          +12.2%
 2026        Jan        3697      $304,925          $58.14           +1.0%
 2026        Feb        3563      $300,350          $59.79           -1.5%
 2026        Mar        4438      $368,340          $59.04          +22.6%
 2026        Apr        4730      $406,750          $60.75          +10.4%
 2026        May        6168      $524,318          $59.79          +28.9%
 2026        Jun        5043      $428,226          $58.29          -18.3%

           category                     brand department  units_sold  orders revenue avg_margin_pct total_profit
              Jeans         7 For All Mankind        Men         525     525 $82,397          47.0%      $38,720
              Jeans                    Diesel        Men         424     422 $82,144          47.2%      $38,824
              Jeans             True Religion        Men         284     284 $73,566          46.5%      $34,208
  Outerwear & Coats                  Carhartt        Men         555     554 $73,500          55.8%      $41,115
              Jeans               Joe's Jeans        Men         375     375 $59,213          46.1%      $27,269
              Jeans         7 For All Mankind      Women         327     326 $52,337          46.3%      $24,299
              Jeans Not Your Daughter's Jeans      Women         423     422 $43,590          45.9%      $20,034
              Jeans             True Religion      Women         191     191 $43,196          46.4%      $19,940
Suits & Sport Coats            Tommy Hilfiger        Men         231     231 $41,312          59.7%      $24,641
        Accessories                    Oakley        Men         298     297 $41,307          59.9%      $24,660
        Accessories                   Ray-Ban        Men         345     344 $41,140          60.3%      $24,812
Suits & Sport Coats             Joseph Abboud        Men         191     191 $41,064          58.8%      $24,213
Suits & Sport Coats             Paul Fredrick        Men         160     160 $40,895          59.7%      $24,423
  Outerwear & Coats                  Columbia        Men         336     336 $35,818          56.3%      $20,160
               Swim                    Speedo      Women         551     549 $33,543          58.2%      $19,500
              Jeans                  Wrangler        Men         728     726 $33,377          46.4%      $15,489
               Swim                Quiksilver        Men         619     617 $33,276          40.2%      $13,400
  Outerwear & Coats         Mountain Hardwear        Men         135     135 $30,885          55.5%      $16,962
  Outerwear & Coats                 Arc'teryx      Women          81      81 $30,230          53.7%      $16,134
              Pants                   Dockers        Men         586     586 $29,770          54.3%      $16,194

        rfm_segment  customers total_revenue avg_ltv avg_orders avg_recency_days
     Lost / Churned      54359    $6,824,747 $125.55        1.5             798d
Potential Loyalists       9241    $1,817,092 $196.63        2.3              80d
            At Risk      13262    $1,136,548  $85.70        1.0              70d
              Loyal       3289    $1,003,070 $304.98        3.5              34d

[32m2026-06-08 17:24:36 +0800[0m - dagster - [34mINFO[0m - __ASSET_JOB - 5482f085-67e5-4a39-bd0f-80054f417dfe - python_analysis - Analysis complete in 3.3s
[32m2026-06-08 17:24:36 +0800[0m - dagster - [34mDEBUG[0m - __ASSET_JOB - 5482f085-67e5-4a39-bd0f-80054f417dfe - 525312 - python_analysis - STEP_OUTPUT - Yielded output "result" of type "dict". (Type check passed).
[32m2026-06-08 17:24:36 +0800[0m - dagster - [34mDEBUG[0m - __ASSET_JOB - 5482f085-67e5-4a39-bd0f-80054f417dfe - python_analysis - Writing file at: /home/ming/thelook-pipeline/thelook-pipeline/.tmp_dagster_home_onspobqd/storage/python_analysis using PickledObjectFilesystemIOManager...
[32m2026-06-08 17:24:36 +0800[0m - dagster - [34mDEBUG[0m - __ASSET_JOB - 5482f085-67e5-4a39-bd0f-80054f417dfe - 525312 - python_analysis - ASSET_MATERIALIZATION - Materialized value python_analysis.
[32m2026-06-08 17:24:36 +0800[0m - dagster - [34mDEBUG[0m - __ASSET_JOB - 5482f085-67e5-4a39-bd0f-80054f417dfe - 525312 - python_analysis - HANDLED_OUTPUT - Handled output "result" using IO manager "io_manager"
[32m2026-06-08 17:24:36 +0800[0m - dagster - [34mDEBUG[0m - __ASSET_JOB - 5482f085-67e5-4a39-bd0f-80054f417dfe - 525312 - python_analysis - STEP_SUCCESS - Finished execution of step "python_analysis" in 3.38s.
